Microchip MPLAB XC8 Compiler V2.41

Linker command line:

--edf=C:\Program Files\Microchip\xc8\v2.41\pic\dat\20230208172133_en.msgs \
  -cn -h+dist/default/production\IDIE_01.X.production.sym \
  --cmf=dist/default/production\IDIE_01.X.production.cmf -z -Q16F877A \
  -oC:\Users\Usuario\AppData\Local\Temp\xcAsb54.\driver_tmp_3.o \
  --defsym=__MPLAB_BUILD=1 --fixupoverflow=error \
  -Mdist/default/production/IDIE_01.X.production.map \
  --md=C:\Users\Usuario\AppData\Local\Temp\xcAsb54.\driver_tmp_0.dat -E1 \
  -ver=XC8 Compiler --acfsm=1493 -ACODE=00h-07FFhx4 -ASTRCODE=00h-01FFFh \
  -ASTRING=00h-0FFhx32 -ACONST=00h-0FFhx32 -AENTRY=00h-0FFhx32 \
  -ACOMMON=070h-07Fh -ABANK0=020h-06Fh -ABANK1=0A0h-0EFh \
  -ABANK2=0110h-016Fh -ABANK3=0190h-01EFh \
  -ARAM=020h-06Fh,0A0h-0EFh,0110h-016Fh,0190h-01EFh \
  -AABS1=020h-07Fh,0A0h-0EFh,0110h-016Fh,0190h-01EFh -ASFR0=00h-01Fh \
  -ASFR1=080h-09Fh -ASFR2=0100h-010Fh -ASFR3=0180h-018Fh \
  -ACONFIG=02007h-02007h -DCONFIG=2 -AIDLOC=02000h-02003h -DIDLOC=2 \
  -AEEDATA=00h-0FFh/02100h -peeprom_data=EEDATA -DEEDATA=2 -DCODE=2 \
  -DSTRCODE=2 -DSTRING=2 -DCONST=2 -DENTRY=2 \
  -preset_vec=00h,intentry,init,end_init -ppowerup=CODE -pcinit=CODE \
  -pfunctab=ENTRY -k \
  C:\Users\Usuario\AppData\Local\Temp\xcAsb54.\driver_tmp_12.o \
  dist/default/production\IDIE_01.X.production.o 

Object code version is 3.11

Machine type is 16F877A



                Name                               Link     Load   Length Selector   Space Scale
C:\Users\Usuario\AppData\Local\Temp\xcAsb54.\driver_tmp_12.o
                end_init                              0        0        3        0       0
                config                             2007     2007        1        0       4
dist/default/production\IDIE_01.X.production.o
                cinit                               7E7      7E7       19      FCE       0
                config                             2007     2007        1        0       4
                text18                              800      800        8      FCE       0
                text17                             1475     1475        F     28EA       0
                text16                             1538     1538       2A     2A70       0
                text15                              808      808       67     1010       0
                text14                             1631     1631      1CF     2C62       0
                text13                             1511     1511       27     2A22       0
                text12                              CBB      CBB      345     1976       0
                text11                              9C5      9C5      2F6     138A       0
                text10                             14C7     14C7       24     298E       0
                text9                              15A1     15A1       90     2B42       0
                text8                                 4        4       B8        8       0
                text7                              1562     1562       3F     2AC4       0
                text6                               86F      86F      156     10DE       0
                text5                              1484     1484       15     2908       0
                text4                              14AE     14AE       19     295C       0
                text3                              1499     1499       15     2932       0
                text2                              14EB     14EB       26     29D6       0
                text1                                BC       BC      1D6      178       0
                maintext                            292      292      555      524       0
                cstackBANK0                          20       20       50       20       1
                cstackCOMMON                         70       70        E       70       1
                cstackBANK1                          A0       A0       4B       A0       1
                bssBANK3                            190      190        F      190       1
                bssBANK1                             EB       EB        2       A0       1
                strings                            1000     1000       25     2000       0

TOTAL           Name                               Link     Load   Length     Space
        CLASS   CODE           
                end_init                              0        0        3         0
                cinit                               7E7      7E7       19         0
                text18                              800      800        8         0
                text17                             1475     1475        F         0
                text16                             1538     1538       2A         0
                text15                              808      808       67         0
                text14                             1631     1631      1CF         0
                text13                             1511     1511       27         0
                text12                              CBB      CBB      345         0
                text11                              9C5      9C5      2F6         0
                text10                             14C7     14C7       24         0
                text9                              15A1     15A1       90         0
                text8                                 4        4       B8         0
                text7                              1562     1562       3F         0
                text6                               86F      86F      156         0
                text5                              1484     1484       15         0
                text4                              14AE     14AE       19         0
                text3                              1499     1499       15         0
                text2                              14EB     14EB       26         0
                text1                                BC       BC      1D6         0
                maintext                            292      292      555         0

        CLASS   STRCODE        

        CLASS   STRING         
                strings                            1000     1000       25         0

        CLASS   CONST          

        CLASS   ENTRY          

        CLASS   COMMON         
                cstackCOMMON                         70       70        E         1

        CLASS   BANK0          
                cstackBANK0                          20       20       50         1

        CLASS   BANK1          
                cstackBANK1                          A0       A0       4B         1
                bssBANK1                             EB       EB        2         1

        CLASS   BANK2          

        CLASS   BANK3          
                bssBANK3                            190      190        F         1

        CLASS   RAM            

        CLASS   ABS1           
                abs_s1                               7E       7E        2         1

        CLASS   SFR0           

        CLASS   SFR1           

        CLASS   SFR2           

        CLASS   SFR3           

        CLASS   CONFIG         
                config                             2007     2007        1         4

        CLASS   IDLOC          

        CLASS   EEDATA         

        CLASS   STACK          



SEGMENTS        Name                           Load    Length   Top    Selector   Space  Class     Delta

                reset_vec                      000000  000003  000003         0       0  CODE        2
                text8                          000004  0000B8  0000BC         8       0  CODE        2
                cstackBANK0                    000020  000050  000070        20       1  BANK0       1
                cstackCOMMON                   000070  00000E  00007E        70       1  COMMON      1
                cstackBANK1                    0000A0  00004D  0000ED        A0       1  BANK1       1
                text1                          0000BC  0001D6  000292       178       0  CODE        2
                bssBANK3                       000190  00000F  00019F       190       1  BANK3       1
                maintext                       000292  000555  0007E7       524       0  CODE        2
                cinit                          0007E7  000021  000808       FCE       0  CODE        2
                text15                         000808  000067  00086F      1010       0  CODE        2
                text6                          00086F  000156  0009C5      10DE       0  CODE        2
                text11                         0009C5  0002F6  000CBB      138A       0  CODE        2
                text12                         000CBB  000345  001000      1976       0  CODE        2
                strings                        001000  000025  001025      2000       0  STRING      2
                text17                         001475  00000F  001484      28EA       0  CODE        2
                text5                          001484  000015  001499      2908       0  CODE        2
                text3                          001499  000015  0014AE      2932       0  CODE        2
                text4                          0014AE  000019  0014C7      295C       0  CODE        2
                text10                         0014C7  000024  0014EB      298E       0  CODE        2
                text2                          0014EB  000026  001511      29D6       0  CODE        2
                text13                         001511  000027  001538      2A22       0  CODE        2
                text16                         001538  00002A  001562      2A70       0  CODE        2
                text7                          001562  00003F  0015A1      2AC4       0  CODE        2
                text9                          0015A1  000090  001631      2B42       0  CODE        2
                text14                         001631  0001CF  001800      2C62       0  CODE        2


UNUSED ADDRESS RANGES

        Name                Unused          Largest block    Delta
        BANK1            00ED-00EF              3           1
        BANK2            0110-016F             60           1
        BANK3            019F-01EF             51           1
        CODE             0003-0003              1           2
                         1025-1474            450
                         1800-1FFF            800
        CONST            0003-0003              1           2
                         1025-1474            100
                         1800-1FFF            100
        EEDATA           2100-21FF            100           2
        ENTRY            0003-0003              1           2
                         1025-1474            100
                         1800-1FFF            100
        IDLOC            2000-2003              4           2
        RAM              00ED-00EF              3           1
                         0110-016F             60
                         019F-01EF             51
        SFR0             0000-001F             20           1
        SFR1             0080-009F             20           1
        SFR2             0100-010F             10           1
        SFR3             0180-018F             10           1
        STRCODE          0003-0003              1           2
                         1025-1474            450
                         1800-1FFF            800
        STRING           0003-0003              1           2
                         1025-1474            100
                         1800-1FFF            100

                                  Symbol Table

?_ADC_Read               cstackCOMMON 0072
?__Umul8_16              cstackCOMMON 0070
?___awdiv                cstackCOMMON 0070
?___fladd                cstackBANK1  00A0
?___fldiv                cstackBANK0  004F
?___flmul                cstackBANK0  0035
?___flsub                cstackBANK1  00B0
?___fltol                cstackBANK0  0069
?___xxtofl               cstackCOMMON 0070
?_sqrt                   cstackCOMMON 0070
ADC_Read@adcChannel      cstackCOMMON 0072
_ADCON0                  (abs)        001F
_ADCON1                  (abs)        009F
_ADC_Init_CH0            text18       0800
_ADC_Read                text16       1538
_ADRESH                  (abs)        001E
_ADRESL                  (abs)        009E
_GO                      (abs)        00FA
_GO_DONE                 (abs)        00FA
_PORTB                   (abs)        0006
_RC0                     (abs)        0038
_RC1                     (abs)        0039
_RC2                     (abs)        003A
_TRISB                   (abs)        0086
_TRISC0                  (abs)        0438
_TRISC1                  (abs)        0439
_TRISC2                  (abs)        043A
_TRISD                   (abs)        0088
__H__absolute__          __absolute__ 0000
__Habs1                  abs1         0000
__Hbank0                 bank0        0000
__Hbank1                 bank1        0000
__Hbank2                 bank2        0000
__Hbank3                 bank3        0000
__HbssBANK1              bssBANK1     0000
__HbssBANK3              bssBANK3     0000
__Hcinit                 cinit        0800
__Hclrtext               clrtext      0000
__Hcode                  code         0000
__Hcommon                common       0000
__Hconfig                config       2008
__HcstackBANK0           cstackBANK0  0000
__HcstackBANK1           cstackBANK1  0000
__HcstackCOMMON          cstackCOMMON 0000
__Heeprom_data           eeprom_data  0000
__Hend_init              end_init     0003
__Hfunctab               functab      0000
__Hinit                  init         0000
__Hintentry              intentry     0000
__Hmaintext              maintext     0000
__Hpowerup               powerup      0000
__Hram                   ram          0000
__Hreset_vec             reset_vec    0000
__Hsfr0                  sfr0         0000
__Hsfr1                  sfr1         0000
__Hsfr2                  sfr2         0000
__Hsfr3                  sfr3         0000
__Hspace_0               (abs)        1800
__Hspace_1               (abs)        019F
__Hspace_2               (abs)        0000
__Hspace_3               (abs)        0000
__Hspace_4               (abs)        400F
__Hstack                 stack        0000
__Hstrings               strings      0000
__Htext                  text         0000
__L__absolute__          __absolute__ 0000
__Labs1                  abs1         0000
__Lbank0                 bank0        0000
__Lbank1                 bank1        0000
__Lbank2                 bank2        0000
__Lbank3                 bank3        0000
__LbssBANK1              bssBANK1     0000
__LbssBANK3              bssBANK3     0000
__Lcinit                 cinit        07E7
__Lclrtext               clrtext      0000
__Lcode                  code         0000
__Lcommon                common       0000
__Lconfig                config       0000
__LcstackBANK0           cstackBANK0  0000
__LcstackBANK1           cstackBANK1  0000
__LcstackCOMMON          cstackCOMMON 0000
__Leeprom_data           eeprom_data  0000
__Lend_init              end_init     0000
__Lfunctab               functab      0000
__Linit                  init         0000
__Lintentry              intentry     0000
__Lmaintext              maintext     0000
__Lpowerup               powerup      0000
__Lram                   ram          0000
__Lreset_vec             reset_vec    0000
__Lsfr0                  sfr0         0000
__Lsfr1                  sfr1         0000
__Lsfr2                  sfr2         0000
__Lsfr3                  sfr3         0000
__Lspace_0               (abs)        0000
__Lspace_1               (abs)        0000
__Lspace_2               (abs)        0000
__Lspace_3               (abs)        0000
__Lspace_4               (abs)        0000
__Lstack                 stack        0000
__Lstrings               strings      0000
__Ltext                  text         0000
__S0                     (abs)        1800
__S1                     (abs)        019F
__S3                     (abs)        0000
__Umul8_16               text13       1511
__Umul8_16@multiplicand  cstackCOMMON 0070
__Umul8_16@multiplier    cstackCOMMON 0078
__Umul8_16@product       cstackCOMMON 0074
__Umul8_16@word_mpld     cstackCOMMON 0076
___awdiv                 text15       0808
___awdiv@counter         cstackCOMMON 0074
___awdiv@dividend        cstackCOMMON 0072
___awdiv@divisor         cstackCOMMON 0070
___awdiv@quotient        cstackCOMMON 0076
___awdiv@sign            cstackCOMMON 0075
___fladd                 text11       09C5
___fladd@a               cstackBANK1  00A4
___fladd@aexp            cstackBANK0  006A
___fladd@b               cstackBANK1  00A0
___fladd@bexp            cstackBANK0  006B
___fladd@grs             cstackBANK0  006C
___fladd@signs           cstackBANK0  0069
___fldiv                 text14       1631
___fldiv@a               cstackBANK0  004F
___fldiv@aexp            cstackBANK0  0068
___fldiv@b               cstackBANK0  0053
___fldiv@bexp            cstackBANK0  0067
___fldiv@grs             cstackBANK0  0063
___fldiv@new_exp         cstackBANK0  0061
___fldiv@rem             cstackBANK0  005C
___fldiv@sign            cstackBANK0  0060
___flmul                 text12       0CBB
___flmul@a               cstackBANK0  0039
___flmul@aexp            cstackBANK0  0047
___flmul@b               cstackBANK0  0035
___flmul@bexp            cstackBANK0  0048
___flmul@grs             cstackBANK0  0043
___flmul@prod            cstackBANK0  0049
___flmul@sign            cstackBANK0  0042
___flmul@temp            cstackBANK0  004D
___flsub                 text10       14C7
___flsub@a               cstackBANK1  00B0
___flsub@b               cstackBANK1  00B4
___fltol                 text9        15A1
___fltol@exp1            cstackBANK0  006E
___fltol@f1              cstackBANK0  0069
___fltol@sign1           cstackBANK0  006D
___int_sp                stack        0000
___latbits               (abs)        0002
___sp                    stack        0000
___stackhi               (abs)        0000
___stacklo               (abs)        0000
___xxtofl                text8        0004
___xxtofl@arg            cstackCOMMON 007A
___xxtofl@exp            cstackCOMMON 0079
___xxtofl@sign           cstackCOMMON 0078
___xxtofl@val            cstackCOMMON 0070
__end_of_ADC_Init_CH0    text18       0808
__end_of_ADC_Read        text16       1562
__end_of__Umul8_16       text13       1538
__end_of___awdiv         text15       086F
__end_of___fladd         text11       0CBB
__end_of___fldiv         text14       1800
__end_of___flmul         text12       1000
__end_of___flsub         text10       14EB
__end_of___fltol         text9        1631
__end_of___xxtofl        text8        00BC
__end_of__initialization cinit        07FC
__end_of__stringtab      strings      1010
__end_of_cmd             text5        1499
__end_of_dat             text3        14AE
__end_of_delay           text17       1484
__end_of_float_LCD       text6        09C5
__end_of_lcd_init        text4        14C7
__end_of_main            maintext     07E7
__end_of_num_s           text7        15A1
__end_of_show            text2        1511
__end_of_sqrt            text1        0292
__initialization         cinit        07E7
__pbssBANK1              bssBANK1     00EB
__pbssBANK3              bssBANK3     0190
__pcstackBANK0           cstackBANK0  0020
__pcstackBANK1           cstackBANK1  00A0
__pcstackCOMMON          cstackCOMMON 0070
__pmaintext              maintext     0292
__pstrings               strings      1000
__ptext1                 text1        00BC
__ptext10                text10       14C7
__ptext11                text11       09C5
__ptext12                text12       0CBB
__ptext13                text13       1511
__ptext14                text14       1631
__ptext15                text15       0808
__ptext16                text16       1538
__ptext17                text17       1475
__ptext18                text18       0800
__ptext2                 text2        14EB
__ptext3                 text3        1499
__ptext4                 text4        14AE
__ptext5                 text5        1484
__ptext6                 text6        086F
__ptext7                 text7        1562
__ptext8                 text8        0004
__ptext9                 text9        15A1
__stringbase             strings      100F
__stringtab              strings      1000
_cadena                  bssBANK3     0190
_cmd                     text5        1484
_dat                     text3        1499
_delay                   text17       1475
_errno                   bssBANK1     00EB
_float_LCD               text6        086F
_lcd_init                text4        14AE
_main                    maintext     0292
_main$776                cstackBANK1  00C4
_num_s                   text7        1562
_show                    text2        14EB
_sqrt                    text1        00BC
btemp                    (abs)        007E
cmd@a                    cstackCOMMON 0072
dat@b                    cstackCOMMON 0072
delay@cnt                cstackCOMMON 0070
end_of_initialization    cinit        07FC
float_LCD@flag           cstackBANK1  00BC
float_LCD@i              cstackBANK1  00C1
float_LCD@pow_10         cstackBANK1  00BF
float_LCD@v_temp         cstackBANK1  00BD
float_LCD@value          cstackBANK1  00B8
intlevel0                functab      0000
intlevel1                functab      0000
intlevel2                functab      0000
intlevel3                functab      0000
intlevel4                functab      0000
intlevel5                functab      0000
main@adcValue            cstackBANK1  00D0
main@c2                  cstackBANK1  00D2
main@count               cstackBANK1  00C3
main@prom_ch0            cstackBANK1  00E3
main@prom_ch1            cstackBANK1  00E7
main@suma_ch0            cstackBANK1  00C8
main@suma_ch1            cstackBANK1  00CC
main@total_ch0           cstackBANK1  00D3
main@total_ch1           cstackBANK1  00D7
main@val_ch0             cstackBANK1  00DB
main@val_ch1             cstackBANK1  00DF
num_s@flag               cstackCOMMON 0072
num_s@val                cstackCOMMON 0070
reset_vec                reset_vec    0000
show@s                   cstackCOMMON 0073
sqrt@a                   cstackCOMMON 0070
sqrt@exp                 cstackBANK0  002B
sqrt@frac                cstackBANK0  0031
sqrt@grs                 cstackBANK0  0027
sqrt@i                   cstackBANK0  0021
sqrt@p                   cstackBANK0  0026
sqrt@root                cstackBANK0  002D
sqrt@sign                cstackBANK0  0020
sqrt@tfrac               cstackBANK0  0022
start                    init         0000
start_initialization     cinit        07E7
wtemp0                   (abs)        007E


MODULE INFORMATION

Module		Function		Class		Link	Load	Size
C:\Program Files\Microchip\xc8\v2.41\pic\sources\c90\common\sprcmul.c
		___flmul       		CODE           	0CBB	0000	837

C:\Program Files\Microchip\xc8\v2.41\pic\sources\c90\common\sprcmul.c estimated size: 837

C:\Program Files\Microchip\xc8\v2.41\pic\sources\c90\common\sprcdiv.c
		___fldiv       		CODE           	1631	0000	463

C:\Program Files\Microchip\xc8\v2.41\pic\sources\c90\common\sprcdiv.c estimated size: 463

C:\Program Files\Microchip\xc8\v2.41\pic\sources\c90\common\awdiv.c
		___awdiv       		CODE           	0808	0000	103

C:\Program Files\Microchip\xc8\v2.41\pic\sources\c90\common\awdiv.c estimated size: 103

C:\Program Files\Microchip\xc8\v2.41\pic\sources\c90\common\fltol.c
		___fltol       		CODE           	15A1	0000	144

C:\Program Files\Microchip\xc8\v2.41\pic\sources\c90\common\fltol.c estimated size: 144

C:\Program Files\Microchip\xc8\v2.41\pic\sources\c90\common\sprcadd.c
		___flsub       		CODE           	14C7	0000	36
		___fladd       		CODE           	09C5	0000	758

C:\Program Files\Microchip\xc8\v2.41\pic\sources\c90\common\sprcadd.c estimated size: 794

C:\Program Files\Microchip\xc8\v2.41\pic\sources\c90\common\xxtofl.c
		___xxtofl      		CODE           	0004	0000	184

C:\Program Files\Microchip\xc8\v2.41\pic\sources\c90\common\xxtofl.c estimated size: 184

shared
		__stringtab    		STRING         	1000	0000	16
		__initialization		CODE           	07E7	0000	21

shared estimated size: 37

C:\Program Files\Microchip\xc8\v2.41\pic\sources\c90\common\Umul8_16.c
		__Umul8_16     		CODE           	1511	0000	39

C:\Program Files\Microchip\xc8\v2.41\pic\sources\c90\common\Umul8_16.c estimated size: 39

C:\Program Files\Microchip\xc8\v2.41\pic\sources\c90\common\sprcsqrt.c
		_sqrt          		CODE           	00BC	0000	470

C:\Program Files\Microchip\xc8\v2.41\pic\sources\c90\common\sprcsqrt.c estimated size: 470

main_scale.c
		_delay         		CODE           	1475	0000	15
		_dat           		CODE           	1499	0000	21
		_main          		CODE           	0292	0000	1365
		_num_s         		CODE           	1562	0000	63
		_float_LCD     		CODE           	086F	0000	342
		_show          		CODE           	14EB	0000	38
		_cmd           		CODE           	1484	0000	21
		_ADC_Read      		CODE           	1538	0000	42
		_ADC_Init_CH0  		CODE           	0800	0000	8
		_lcd_init      		CODE           	14AE	0000	25

main_scale.c estimated size: 1940

